<html>
<body>
<pre>
<h1>µVision Build Log</h1>
<h2>Tool Versions:</h2>
IDE-Version: µVision V5.37.0.0
Copyright (C) 2022 ARM Ltd and ARM Germany GmbH. All rights reserved.
License Information: Diego Rosales, UG, LIC=----
 
Tool Versions:
Toolchain:       MDK-Lite  Version: 5.37.0.0
Toolchain Path:  C:\Keil_v5\ARM\ARMCC\bin\
C Compiler:      Armcc.exe V5.06 update 6 (build 750)
Assembler:       Armasm.exe V5.06 update 6 (build 750)
Linker/Locator:  ArmLink.exe V5.06 update 6 (build 750)
Library Manager: ArmAr.exe V5.06 update 6 (build 750)
Hex Converter:   FromElf.exe V5.06 update 6 (build 750)
CPU DLL:         SARMCM3.DLL V5.37.0.0
Dialog DLL:      DCM.DLL V1.17.5.0
Target DLL:      STLink\ST-LINKIII-KEIL_SWO.dll V3.0.9.0
Dialog DLL:      TCM.DLL V1.56.1.0
 
<h2>Project:</h2>
C:\Users\rdieg\Documents\Micro\Breakout\Breakout.uvprojx
Project File Date:  10/28/2022

<h2>Output:</h2>
*** Using Compiler '', folder: 'C:\Keil_v5\ARM\ARMCC\bin\'
Rebuild target 'Target 1'
assembling startup_stm32f303x8.s...
compiling breakout.c...
breakout.h(3): warning:  #1295-D: Deprecated declaration loop - give arg types
  void loop();
breakout.h(5): warning:  #1295-D: Deprecated declaration setup_game - give arg types
  void setup_game();
breakout.h(6): warning:  #1295-D: Deprecated declaration clear_board - give arg types
  void clear_board();
breakout.h(7): warning:  #1295-D: Deprecated declaration write_out - give arg types
  void write_out();
breakout.h(8): warning:  #1295-D: Deprecated declaration spawn_entities - give arg types
  void spawn_entities();
breakout.h(9): warning:  #1295-D: Deprecated declaration draw_bar - give arg types
  void draw_bar();
breakout.h(11): warning:  #1295-D: Deprecated declaration udpdate_ball_physics - give arg types
  void udpdate_ball_physics();
breakout.h(12): warning:  #1295-D: Deprecated declaration update_y_movement - give arg types
  void update_y_movement();
breakout.h(13): warning:  #1295-D: Deprecated declaration update_x_movement - give arg types
  void update_x_movement();
breakout.h(14): warning:  #1-D: last line of file ends without a newline
  void clear_enemy(uint16_t);
USART.h(5): warning:  #1-D: last line of file ends without a newline
  void USART_config(uint32_t);
breakout.c(184): warning:  #1-D: last line of file ends without a newline
  }
breakout.c: 12 warnings, 0 errors
compiling main.c...
breakout.h(3): warning:  #1295-D: Deprecated declaration loop - give arg types
  void loop();
breakout.h(5): warning:  #1295-D: Deprecated declaration setup_game - give arg types
  void setup_game();
breakout.h(6): warning:  #1295-D: Deprecated declaration clear_board - give arg types
  void clear_board();
breakout.h(7): warning:  #1295-D: Deprecated declaration write_out - give arg types
  void write_out();
breakout.h(8): warning:  #1295-D: Deprecated declaration spawn_entities - give arg types
  void spawn_entities();
breakout.h(9): warning:  #1295-D: Deprecated declaration draw_bar - give arg types
  void draw_bar();
breakout.h(11): warning:  #1295-D: Deprecated declaration udpdate_ball_physics - give arg types
  void udpdate_ball_physics();
breakout.h(12): warning:  #1295-D: Deprecated declaration update_y_movement - give arg types
  void update_y_movement();
breakout.h(13): warning:  #1295-D: Deprecated declaration update_x_movement - give arg types
  void update_x_movement();
breakout.h(14): warning:  #1-D: last line of file ends without a newline
  void clear_enemy(uint16_t);
USART.h(5): warning:  #1-D: last line of file ends without a newline
  void USART_config(uint32_t);
main.c: 11 warnings, 0 errors
compiling USART.c...
USART.h(5): warning:  #1-D: last line of file ends without a newline
  void USART_config(uint32_t);
USART.c(19): warning:  #61-D: integer operation result is out of range
  	GPIOA->MODER |= (0x02<<4) | (0x02<<30);				//Alternate Function PA2 & PA15
USART.c: 2 warnings, 0 errors
compiling system_stm32f3xx.c...
linking...
Program Size: Code=2860 RO-data=448 RW-data=20 ZI-data=5668  
".\Objects\Breakout.axf" - 0 Error(s), 25 Warning(s).

<h2>Software Packages used:</h2>

Package Vendor: ARM
                http://www.keil.com/pack/ARM.CMSIS.5.9.0.pack
                ARM.CMSIS.5.9.0
                CMSIS (Common Microcontroller Software Interface Standard)
   * Component: CORE Version: 5.6.0

Package Vendor: Keil
                http://www.keil.com/pack/Keil.STM32F3xx_DFP.2.2.2.pack
                Keil.STM32F3xx_DFP.2.2.2
                STMicroelectronics STM32F3 Series Device Support and Examples
   * Component: Startup Version: 1.11.3

<h2>Collection of Component include folders:</h2>
  ./RTE/_Target_1
  C:/Users/rdieg/AppData/Local/Arm/Packs/ARM/CMSIS/5.9.0/CMSIS/Core/Include
  C:/Users/rdieg/AppData/Local/Arm/Packs/Keil/STM32F3xx_DFP/2.2.2/Drivers/CMSIS/Device/ST/STM32F3xx/Include

<h2>Collection of Component Files used:</h2>

   * Component: ARM::CMSIS:CORE:5.6.0

   * Component: Keil.Standalone::Device:Startup:1.11.3
      Source file:   Drivers/CMSIS/Device/ST/STM32F3xx/Source/Templates/arm/startup_stm32f303x8.s
      Source file:   MDK/Device/Source/ARM/STM32F3xx_OPT.s
      Source file:   Drivers/CMSIS/Device/ST/STM32F3xx/Source/Templates/system_stm32f3xx.c
      Include file:  Drivers/CMSIS/Device/ST/STM32F3xx/Include/stm32f3xx.h
Build Time Elapsed:  00:00:03
</pre>
</body>
</html>
